Command line invocation:
    /Applications/Xcode.app/Contents/Developer/usr/bin/xcodebuild -scheme AutoCore -configuration Debug -sdk macosx build

Build settings from command line:
    SDKROOT = macosx26.2

Resolve Package Graph


Resolved source packages:
  XMLCoder: https://github.com/maxdesiatov/XMLCoder.git @ 0.14.0
  CoreXLSX: https://github.com/CoreOffice/CoreXLSX.git @ main (1391f38)
  ZIPFoundation: https://github.com/weichsel/ZIPFoundation.git @ 0.9.20

2026-01-15 17:40:31.756 xcodebuild[44670:208556] [MT] IDERunDestination: Supported platforms for the buildables in the current scheme is empty.
--- xcodebuild: WARNING: Using the first of multiple matching destinations:
{ platform:macOS, arch:arm64, id:00008112-000209461A78201E, name:My Mac }
{ platform:macOS, arch:x86_64, id:00008112-000209461A78201E, name:My Mac }
{ platform:macOS, name:Any Mac }
ComputePackagePrebuildTargetDependencyGraph

Prepare packages

CreateBuildRequest

SendProjectDescription

CreateBuildOperation

ComputeTargetDependencyGraph
note: Building targets in dependency order
note: Target dependency graph (8 targets)
    Target 'AutoCore' in project 'AutoCore'
        ➜ Explicit dependency on target 'CoreXLSX' in project 'CoreXLSX'
    Target 'CoreXLSX' in project 'CoreXLSX'
        ➜ Explicit dependency on target 'CoreXLSX' in project 'CoreXLSX'
        ➜ Explicit dependency on target 'XMLCoder' in project 'XMLCoder'
        ➜ Explicit dependency on target 'ZIPFoundation' in project 'ZIPFoundation'
    Target 'CoreXLSX' in project 'CoreXLSX'
        ➜ Explicit dependency on target 'XMLCoder' in project 'XMLCoder'
        ➜ Explicit dependency on target 'ZIPFoundation' in project 'ZIPFoundation'
    Target 'ZIPFoundation' in project 'ZIPFoundation'
        ➜ Explicit dependency on target 'ZIPFoundation' in project 'ZIPFoundation'
        ➜ Explicit dependency on target 'ZIPFoundation_ZIPFoundation' in project 'ZIPFoundation'
    Target 'ZIPFoundation' in project 'ZIPFoundation'
        ➜ Explicit dependency on target 'ZIPFoundation_ZIPFoundation' in project 'ZIPFoundation'
    Target 'ZIPFoundation_ZIPFoundation' in project 'ZIPFoundation' (no dependencies)
    Target 'XMLCoder' in project 'XMLCoder'
        ➜ Explicit dependency on target 'XMLCoder' in project 'XMLCoder'
    Target 'XMLCoder' in project 'XMLCoder' (no dependencies)

GatherProvisioningInputs

CreateBuildDescription

ExecuteExternalTool /Applications/Xcode.app/Contents/Developer/Toolchains/XcodeDefault.xctoolchain/usr/bin/clang -v -E -dM -isysroot /Applications/Xcode.app/Contents/Developer/Platforms/MacOSX.platform/Developer/SDKs/MacOSX26.2.sdk -x c -c /dev/null

ExecuteExternalTool /Applications/Xcode.app/Contents/Developer/Toolchains/XcodeDefault.xctoolchain/usr/bin/swiftc --version

ExecuteExternalTool /Applications/Xcode.app/Contents/Developer/usr/bin/momc --dry-run --action generate --swift-version 5.0 --sdkroot /Applications/Xcode.app/Contents/Developer/Platforms/MacOSX.platform/Developer/SDKs/MacOSX26.2.sdk --macosx-deployment-target 26.2 --module AutoCore /Users/victor/Desktop/AutoCore/AutoCore/AutoCore.xcdatamodeld /Users/victor/Library/Developer/Xcode/DerivedData/AutoCore-evczumnnigmvheffmrzczeyhfslc/Build/Intermediates.noindex/AutoCore.build/Debug/AutoCore.build/DerivedSources/CoreDataGenerated/AutoCore

ExecuteExternalTool /Applications/Xcode.app/Contents/Developer/usr/bin/actool --version --output-format xml1

ExecuteExternalTool /Applications/Xcode.app/Contents/Developer/Toolchains/XcodeDefault.xctoolchain/usr/bin/ld -version_details

Build description signature: 3cf3cb5e71a25c24991916adead93060
Build description path: /Users/victor/Library/Developer/Xcode/DerivedData/AutoCore-evczumnnigmvheffmrzczeyhfslc/Build/Intermediates.noindex/XCBuildData/3cf3cb5e71a25c24991916adead93060.xcbuilddata
ClangStatCache /Applications/Xcode.app/Contents/Developer/Toolchains/XcodeDefault.xctoolchain/usr/bin/clang-stat-cache /Applications/Xcode.app/Contents/Developer/Platforms/MacOSX.platform/Developer/SDKs/MacOSX26.2.sdk /Users/victor/Library/Developer/Xcode/DerivedData/SDKStatCaches.noindex/macosx26.2-25C57-00fa09913b459cbbc988d1f6730289ae.sdkstatcache
    cd /Users/victor/Desktop/AutoCore/AutoCore.xcodeproj
    /Applications/Xcode.app/Contents/Developer/Toolchains/XcodeDefault.xctoolchain/usr/bin/clang-stat-cache /Applications/Xcode.app/Contents/Developer/Platforms/MacOSX.platform/Developer/SDKs/MacOSX26.2.sdk -o /Users/victor/Library/Developer/Xcode/DerivedData/SDKStatCaches.noindex/macosx26.2-25C57-00fa09913b459cbbc988d1f6730289ae.sdkstatcache

WriteAuxiliaryFile /Users/victor/Library/Developer/Xcode/DerivedData/AutoCore-evczumnnigmvheffmrzczeyhfslc/Build/Intermediates.noindex/AutoCore.build/Debug/AutoCore.build/Objects-normal/arm64/AutoCore.SwiftConstValuesFileList (in target 'AutoCore' from project 'AutoCore')
    cd /Users/victor/Desktop/AutoCore
    write-file /Users/victor/Library/Developer/Xcode/DerivedData/AutoCore-evczumnnigmvheffmrzczeyhfslc/Build/Intermediates.noindex/AutoCore.build/Debug/AutoCore.build/Objects-normal/arm64/AutoCore.SwiftConstValuesFileList

WriteAuxiliaryFile /Users/victor/Library/Developer/Xcode/DerivedData/AutoCore-evczumnnigmvheffmrzczeyhfslc/Build/Intermediates.noindex/AutoCore.build/Debug/AutoCore.build/Objects-normal/arm64/AutoCore.SwiftFileList (in target 'AutoCore' from project 'AutoCore')
    cd /Users/victor/Desktop/AutoCore
    write-file /Users/victor/Library/Developer/Xcode/DerivedData/AutoCore-evczumnnigmvheffmrzczeyhfslc/Build/Intermediates.noindex/AutoCore.build/Debug/AutoCore.build/Objects-normal/arm64/AutoCore.SwiftFileList

WriteAuxiliaryFile /Users/victor/Library/Developer/Xcode/DerivedData/AutoCore-evczumnnigmvheffmrzczeyhfslc/Build/Intermediates.noindex/AutoCore.build/Debug/AutoCore.build/Objects-normal/arm64/AutoCore.LinkFileList (in target 'AutoCore' from project 'AutoCore')
    cd /Users/victor/Desktop/AutoCore
    write-file /Users/victor/Library/Developer/Xcode/DerivedData/AutoCore-evczumnnigmvheffmrzczeyhfslc/Build/Intermediates.noindex/AutoCore.build/Debug/AutoCore.build/Objects-normal/arm64/AutoCore.LinkFileList

ProcessInfoPlistFile /Users/victor/Library/Developer/Xcode/DerivedData/AutoCore-evczumnnigmvheffmrzczeyhfslc/Build/Products/Debug/ZIPFoundation_ZIPFoundation.bundle/Contents/Info.plist /Users/victor/Library/Developer/Xcode/DerivedData/AutoCore-evczumnnigmvheffmrzczeyhfslc/Build/Intermediates.noindex/ZIPFoundation.build/Debug/ZIPFoundation_ZIPFoundation.build/empty-ZIPFoundation_ZIPFoundation.plist (in target 'ZIPFoundation_ZIPFoundation' from project 'ZIPFoundation')
    cd /Users/victor/Library/Developer/Xcode/DerivedData/AutoCore-evczumnnigmvheffmrzczeyhfslc/SourcePackages/checkouts/ZIPFoundation
    builtin-infoPlistUtility /Users/victor/Library/Developer/Xcode/DerivedData/AutoCore-evczumnnigmvheffmrzczeyhfslc/Build/Intermediates.noindex/ZIPFoundation.build/Debug/ZIPFoundation_ZIPFoundation.build/empty-ZIPFoundation_ZIPFoundation.plist -producttype com.apple.product-type.bundle -expandbuildsettings -platform macosx -o /Users/victor/Library/Developer/Xcode/DerivedData/AutoCore-evczumnnigmvheffmrzczeyhfslc/Build/Products/Debug/ZIPFoundation_ZIPFoundation.bundle/Contents/Info.plist

Ld /Users/victor/Library/Developer/Xcode/DerivedData/AutoCore-evczumnnigmvheffmrzczeyhfslc/Build/Products/Debug/ZIPFoundation.o normal (in target 'ZIPFoundation' from project 'ZIPFoundation')
    cd /Users/victor/Library/Developer/Xcode/DerivedData/AutoCore-evczumnnigmvheffmrzczeyhfslc/SourcePackages/checkouts/ZIPFoundation
    /Applications/Xcode.app/Contents/Developer/Toolchains/XcodeDefault.xctoolchain/usr/bin/clang -Xlinker -reproducible -target arm64-apple-macos10.13 -r -isysroot /Applications/Xcode.app/Contents/Developer/Platforms/MacOSX.platform/Developer/SDKs/MacOSX26.2.sdk -O0 -w -L/Users/victor/Library/Developer/Xcode/DerivedData/AutoCore-evczumnnigmvheffmrzczeyhfslc/Build/Intermediates.noindex/EagerLinkingTBDs/Debug -L/Users/victor/Library/Developer/Xcode/DerivedData/AutoCore-evczumnnigmvheffmrzczeyhfslc/Build/Products/Debug -L/Applications/Xcode.app/Contents/Developer/Platforms/MacOSX.platform/Developer/usr/lib -F/Users/victor/Library/Developer/Xcode/DerivedData/AutoCore-evczumnnigmvheffmrzczeyhfslc/Build/Intermediates.noindex/EagerLinkingTBDs/Debug -F/Users/victor/Library/Developer/Xcode/DerivedData/AutoCore-evczumnnigmvheffmrzczeyhfslc/Build/Products/Debug -iframework /Applications/Xcode.app/Contents/Developer/Platforms/MacOSX.platform/Developer/Library/Frameworks -filelist /Users/victor/Library/Developer/Xcode/DerivedData/AutoCore-evczumnnigmvheffmrzczeyhfslc/Build/Intermediates.noindex/ZIPFoundation.build/Debug/ZIPFoundation.build/Objects-normal/arm64/ZIPFoundation.LinkFileList -nostdlib -Xlinker -object_path_lto -Xlinker /Users/victor/Library/Developer/Xcode/DerivedData/AutoCore-evczumnnigmvheffmrzczeyhfslc/Build/Intermediates.noindex/ZIPFoundation.build/Debug/ZIPFoundation.build/Objects-normal/arm64/ZIPFoundation_lto.o -rdynamic -Xlinker -no_deduplicate -Xlinker -dependency_info -Xlinker /Users/victor/Library/Developer/Xcode/DerivedData/AutoCore-evczumnnigmvheffmrzczeyhfslc/Build/Intermediates.noindex/ZIPFoundation.build/Debug/ZIPFoundation.build/Objects-normal/arm64/ZIPFoundation_dependency_info.dat -fobjc-link-runtime -L/Applications/Xcode.app/Contents/Developer/Toolchains/XcodeDefault.xctoolchain/usr/lib/swift/macosx -L/usr/lib/swift -Xlinker -add_ast_path -Xlinker /Users/victor/Library/Developer/Xcode/DerivedData/AutoCore-evczumnnigmvheffmrzczeyhfslc/Build/Intermediates.noindex/ZIPFoundation.build/Debug/ZIPFoundation.build/Objects-normal/arm64/ZIPFoundation.swiftmodule @/Users/victor/Library/Developer/Xcode/DerivedData/AutoCore-evczumnnigmvheffmrzczeyhfslc/Build/Intermediates.noindex/ZIPFoundation.build/Debug/ZIPFoundation.build/Objects-normal/arm64/ZIPFoundation-linker-args.resp -o /Users/victor/Library/Developer/Xcode/DerivedData/AutoCore-evczumnnigmvheffmrzczeyhfslc/Build/Products/Debug/ZIPFoundation.o

ProcessProductPackaging "" /Users/victor/Library/Developer/Xcode/DerivedData/AutoCore-evczumnnigmvheffmrzczeyhfslc/Build/Intermediates.noindex/AutoCore.build/Debug/AutoCore.build/AutoCore.app.xcent (in target 'AutoCore' from project 'AutoCore')
    cd /Users/victor/Desktop/AutoCore
    
    Entitlements:
    
    {
    "com.apple.security.app-sandbox" = 1;
    "com.apple.security.files.user-selected.read-only" = 1;
    "com.apple.security.get-task-allow" = 1;
}
    
    builtin-productPackagingUtility -entitlements -format xml -o /Users/victor/Library/Developer/Xcode/DerivedData/AutoCore-evczumnnigmvheffmrzczeyhfslc/Build/Intermediates.noindex/AutoCore.build/Debug/AutoCore.build/AutoCore.app.xcent

Ld /Users/victor/Library/Developer/Xcode/DerivedData/AutoCore-evczumnnigmvheffmrzczeyhfslc/Build/Products/Debug/XMLCoder.o normal (in target 'XMLCoder' from project 'XMLCoder')
    cd /Users/victor/Library/Developer/Xcode/DerivedData/AutoCore-evczumnnigmvheffmrzczeyhfslc/SourcePackages/checkouts/XMLCoder
    /Applications/Xcode.app/Contents/Developer/Toolchains/XcodeDefault.xctoolchain/usr/bin/clang -Xlinker -reproducible -target arm64-apple-macos10.13 -r -isysroot /Applications/Xcode.app/Contents/Developer/Platforms/MacOSX.platform/Developer/SDKs/MacOSX26.2.sdk -O0 -w -L/Users/victor/Library/Developer/Xcode/DerivedData/AutoCore-evczumnnigmvheffmrzczeyhfslc/Build/Intermediates.noindex/EagerLinkingTBDs/Debug -L/Users/victor/Library/Developer/Xcode/DerivedData/AutoCore-evczumnnigmvheffmrzczeyhfslc/Build/Products/Debug -L/Applications/Xcode.app/Contents/Developer/Platforms/MacOSX.platform/Developer/usr/lib -F/Users/victor/Library/Developer/Xcode/DerivedData/AutoCore-evczumnnigmvheffmrzczeyhfslc/Build/Intermediates.noindex/EagerLinkingTBDs/Debug -F/Users/victor/Library/Developer/Xcode/DerivedData/AutoCore-evczumnnigmvheffmrzczeyhfslc/Build/Products/Debug -iframework /Applications/Xcode.app/Contents/Developer/Platforms/MacOSX.platform/Developer/Library/Frameworks -filelist /Users/victor/Library/Developer/Xcode/DerivedData/AutoCore-evczumnnigmvheffmrzczeyhfslc/Build/Intermediates.noindex/XMLCoder.build/Debug/XMLCoder.build/Objects-normal/arm64/XMLCoder.LinkFileList -nostdlib -Xlinker -object_path_lto -Xlinker /Users/victor/Library/Developer/Xcode/DerivedData/AutoCore-evczumnnigmvheffmrzczeyhfslc/Build/Intermediates.noindex/XMLCoder.build/Debug/XMLCoder.build/Objects-normal/arm64/XMLCoder_lto.o -rdynamic -Xlinker -no_deduplicate -Xlinker -dependency_info -Xlinker /Users/victor/Library/Developer/Xcode/DerivedData/AutoCore-evczumnnigmvheffmrzczeyhfslc/Build/Intermediates.noindex/XMLCoder.build/Debug/XMLCoder.build/Objects-normal/arm64/XMLCoder_dependency_info.dat -fobjc-link-runtime -L/Applications/Xcode.app/Contents/Developer/Toolchains/XcodeDefault.xctoolchain/usr/lib/swift/macosx -L/usr/lib/swift -Xlinker -add_ast_path -Xlinker /Users/victor/Library/Developer/Xcode/DerivedData/AutoCore-evczumnnigmvheffmrzczeyhfslc/Build/Intermediates.noindex/XMLCoder.build/Debug/XMLCoder.build/Objects-normal/arm64/XMLCoder.swiftmodule @/Users/victor/Library/Developer/Xcode/DerivedData/AutoCore-evczumnnigmvheffmrzczeyhfslc/Build/Intermediates.noindex/XMLCoder.build/Debug/XMLCoder.build/Objects-normal/arm64/XMLCoder-linker-args.resp -o /Users/victor/Library/Developer/Xcode/DerivedData/AutoCore-evczumnnigmvheffmrzczeyhfslc/Build/Products/Debug/XMLCoder.o

ProcessProductPackagingDER /Users/victor/Library/Developer/Xcode/DerivedData/AutoCore-evczumnnigmvheffmrzczeyhfslc/Build/Intermediates.noindex/AutoCore.build/Debug/AutoCore.build/AutoCore.app.xcent /Users/victor/Library/Developer/Xcode/DerivedData/AutoCore-evczumnnigmvheffmrzczeyhfslc/Build/Intermediates.noindex/AutoCore.build/Debug/AutoCore.build/AutoCore.app.xcent.der (in target 'AutoCore' from project 'AutoCore')
    cd /Users/victor/Desktop/AutoCore
    /usr/bin/derq query -f xml -i /Users/victor/Library/Developer/Xcode/DerivedData/AutoCore-evczumnnigmvheffmrzczeyhfslc/Build/Intermediates.noindex/AutoCore.build/Debug/AutoCore.build/AutoCore.app.xcent -o /Users/victor/Library/Developer/Xcode/DerivedData/AutoCore-evczumnnigmvheffmrzczeyhfslc/Build/Intermediates.noindex/AutoCore.build/Debug/AutoCore.build/AutoCore.app.xcent.der --raw

GenerateAssetSymbols /Users/victor/Desktop/AutoCore/AutoCore/Assets.xcassets (in target 'AutoCore' from project 'AutoCore')
    cd /Users/victor/Desktop/AutoCore
    /Applications/Xcode.app/Contents/Developer/usr/bin/actool /Users/victor/Desktop/AutoCore/AutoCore/Assets.xcassets --compile /Users/victor/Library/Developer/Xcode/DerivedData/AutoCore-evczumnnigmvheffmrzczeyhfslc/Build/Products/Debug/AutoCore.app/Contents/Resources --output-format human-readable-text --notices --warnings --export-dependency-info /Users/victor/Library/Developer/Xcode/DerivedData/AutoCore-evczumnnigmvheffmrzczeyhfslc/Build/Intermediates.noindex/AutoCore.build/Debug/AutoCore.build/assetcatalog_dependencies --output-partial-info-plist /Users/victor/Library/Developer/Xcode/DerivedData/AutoCore-evczumnnigmvheffmrzczeyhfslc/Build/Intermediates.noindex/AutoCore.build/Debug/AutoCore.build/assetcatalog_generated_info.plist --app-icon AppIcon --accent-color AccentColor --enable-on-demand-resources NO --development-region en --target-device mac --minimum-deployment-target 26.2 --platform macosx --bundle-identifier fise.AutoCore --generate-swift-asset-symbols /Users/victor/Library/Developer/Xcode/DerivedData/AutoCore-evczumnnigmvheffmrzczeyhfslc/Build/Intermediates.noindex/AutoCore.build/Debug/AutoCore.build/DerivedSources/GeneratedAssetSymbols.swift --generate-objc-asset-symbols /Users/victor/Library/Developer/Xcode/DerivedData/AutoCore-evczumnnigmvheffmrzczeyhfslc/Build/Intermediates.noindex/AutoCore.build/Debug/AutoCore.build/DerivedSources/GeneratedAssetSymbols.h --generate-asset-symbol-index /Users/victor/Library/Developer/Xcode/DerivedData/AutoCore-evczumnnigmvheffmrzczeyhfslc/Build/Intermediates.noindex/AutoCore.build/Debug/AutoCore.build/DerivedSources/GeneratedAssetSymbols-Index.plist
/* com.apple.actool.document.warnings */
/Users/victor/Desktop/AutoCore/AutoCore/Assets.xcassets:./AppIcon.appiconset/(null)[2d][icon_1024.png]: warning: The app icon set "AppIcon" has an unassigned child.
/Users/victor/Desktop/AutoCore/AutoCore/Assets.xcassets:./AppIcon.appiconset/(null)[2d][icon_1024.png]: warning: The app icon set "AppIcon" has an unassigned child.
/* com.apple.actool.compilation-results */
/Users/victor/Library/Developer/Xcode/DerivedData/AutoCore-evczumnnigmvheffmrzczeyhfslc/Build/Intermediates.noindex/AutoCore.build/Debug/AutoCore.build/DerivedSources/GeneratedAssetSymbols-Index.plist
/Users/victor/Library/Developer/Xcode/DerivedData/AutoCore-evczumnnigmvheffmrzczeyhfslc/Build/Intermediates.noindex/AutoCore.build/Debug/AutoCore.build/DerivedSources/GeneratedAssetSymbols.h
/Users/victor/Library/Developer/Xcode/DerivedData/AutoCore-evczumnnigmvheffmrzczeyhfslc/Build/Intermediates.noindex/AutoCore.build/Debug/AutoCore.build/DerivedSources/GeneratedAssetSymbols.swift


CompileAssetCatalogVariant thinned /Users/victor/Library/Developer/Xcode/DerivedData/AutoCore-evczumnnigmvheffmrzczeyhfslc/Build/Products/Debug/AutoCore.app/Contents/Resources /Users/victor/Desktop/AutoCore/AutoCore/Assets.xcassets (in target 'AutoCore' from project 'AutoCore')
    cd /Users/victor/Desktop/AutoCore
    /Applications/Xcode.app/Contents/Developer/usr/bin/actool /Users/victor/Desktop/AutoCore/AutoCore/Assets.xcassets --compile /Users/victor/Library/Developer/Xcode/DerivedData/AutoCore-evczumnnigmvheffmrzczeyhfslc/Build/Intermediates.noindex/AutoCore.build/Debug/AutoCore.build/assetcatalog_output/thinned --output-format human-readable-text --notices --warnings --export-dependency-info /Users/victor/Library/Developer/Xcode/DerivedData/AutoCore-evczumnnigmvheffmrzczeyhfslc/Build/Intermediates.noindex/AutoCore.build/Debug/AutoCore.build/assetcatalog_dependencies_thinned --output-partial-info-plist /Users/victor/Library/Developer/Xcode/DerivedData/AutoCore-evczumnnigmvheffmrzczeyhfslc/Build/Intermediates.noindex/AutoCore.build/Debug/AutoCore.build/assetcatalog_generated_info.plist_thinned --app-icon AppIcon --accent-color AccentColor --enable-on-demand-resources NO --development-region en --target-device mac --minimum-deployment-target 26.2 --platform macosx

SwiftDriver AutoCore normal arm64 com.apple.xcode.tools.swift.compiler (in target 'AutoCore' from project 'AutoCore')
    cd /Users/victor/Desktop/AutoCore
    builtin-SwiftDriver -- /Applications/Xcode.app/Contents/Developer/Toolchains/XcodeDefault.xctoolchain/usr/bin/swiftc -module-name AutoCore -Onone -enforce-exclusivity\=checked @/Users/victor/Library/Developer/Xcode/DerivedData/AutoCore-evczumnnigmvheffmrzczeyhfslc/Build/Intermediates.noindex/AutoCore.build/Debug/AutoCore.build/Objects-normal/arm64/AutoCore.SwiftFileList -DDEBUG -default-isolation\=MainActor -enable-bare-slash-regex -enable-upcoming-feature DisableOutwardActorInference -enable-upcoming-feature InferSendableFromCaptures -enable-upcoming-feature GlobalActorIsolatedTypesUsability -enable-upcoming-feature MemberImportVisibility -enable-upcoming-feature InferIsolatedConformances -enable-upcoming-feature NonisolatedNonsendingByDefault -enable-experimental-feature DebugDescriptionMacro -sdk /Applications/Xcode.app/Contents/Developer/Platforms/MacOSX.platform/Developer/SDKs/MacOSX26.2.sdk -target arm64-apple-macos26.2 -g -module-cache-path /Users/victor/Library/Developer/Xcode/DerivedData/ModuleCache.noindex -Xfrontend -serialize-debugging-options -enable-testing -index-store-path /Users/victor/Library/Developer/Xcode/DerivedData/AutoCore-evczumnnigmvheffmrzczeyhfslc/Index.noindex/DataStore -Xcc -D_LIBCPP_HARDENING_MODE\=_LIBCPP_HARDENING_MODE_DEBUG -swift-version 5 -I /Users/victor/Library/Developer/Xcode/DerivedData/AutoCore-evczumnnigmvheffmrzczeyhfslc/Build/Products/Debug -F /Users/victor/Library/Developer/Xcode/DerivedData/AutoCore-evczumnnigmvheffmrzczeyhfslc/Build/Products/Debug/PackageFrameworks -F /Users/victor/Library/Developer/Xcode/DerivedData/AutoCore-evczumnnigmvheffmrzczeyhfslc/Build/Products/Debug/PackageFrameworks -F /Users/victor/Library/Developer/Xcode/DerivedData/AutoCore-evczumnnigmvheffmrzczeyhfslc/Build/Products/Debug/PackageFrameworks -F /Users/victor/Library/Developer/Xcode/DerivedData/AutoCore-evczumnnigmvheffmrzczeyhfslc/Build/Products/Debug -emit-localized-strings -emit-localized-strings-path /Users/victor/Library/Developer/Xcode/DerivedData/AutoCore-evczumnnigmvheffmrzczeyhfslc/Build/Intermediates.noindex/AutoCore.build/Debug/AutoCore.build/Objects-normal/arm64 -c -j8 -enable-batch-mode -incremental -Xcc -ivfsstatcache -Xcc /Users/victor/Library/Developer/Xcode/DerivedData/SDKStatCaches.noindex/macosx26.2-25C57-00fa09913b459cbbc988d1f6730289ae.sdkstatcache -output-file-map /Users/victor/Library/Developer/Xcode/DerivedData/AutoCore-evczumnnigmvheffmrzczeyhfslc/Build/Intermediates.noindex/AutoCore.build/Debug/AutoCore.build/Objects-normal/arm64/AutoCore-OutputFileMap.json -use-frontend-parseable-output -save-temps -no-color-diagnostics -explicit-module-build -module-cache-path /Users/victor/Library/Developer/Xcode/DerivedData/AutoCore-evczumnnigmvheffmrzczeyhfslc/Build/Intermediates.noindex/SwiftExplicitPrecompiledModules -clang-scanner-module-cache-path /Users/victor/Library/Developer/Xcode/DerivedData/ModuleCache.noindex -sdk-module-cache-path /Users/victor/Library/Developer/Xcode/DerivedData/ModuleCache.noindex -serialize-diagnostics -emit-dependencies -emit-module -emit-module-path /Users/victor/Library/Developer/Xcode/DerivedData/AutoCore-evczumnnigmvheffmrzczeyhfslc/Build/Intermediates.noindex/AutoCore.build/Debug/AutoCore.build/Objects-normal/arm64/AutoCore.swiftmodule -validate-clang-modules-once -clang-build-session-file /Users/victor/Library/Developer/Xcode/DerivedData/ModuleCache.noindex/Session.modulevalidation -Xcc -I/Users/victor/Library/Developer/Xcode/DerivedData/AutoCore-evczumnnigmvheffmrzczeyhfslc/Build/Intermediates.noindex/AutoCore.build/Debug/AutoCore.build/swift-overrides.hmap -emit-const-values -Xfrontend -const-gather-protocols-file -Xfrontend /Users/victor/Library/Developer/Xcode/DerivedData/AutoCore-evczumnnigmvheffmrzczeyhfslc/Build/Intermediates.noindex/AutoCore.build/Debug/AutoCore.build/Objects-normal/arm64/AutoCore_const_extract_protocols.json -Xcc -iquote -Xcc /Users/victor/Library/Developer/Xcode/DerivedData/AutoCore-evczumnnigmvheffmrzczeyhfslc/Build/Intermediates.noindex/AutoCore.build/Debug/AutoCore.build/AutoCore-generated-files.hmap -Xcc -I/Users/victor/Library/Developer/Xcode/DerivedData/AutoCore-evczumnnigmvheffmrzczeyhfslc/Build/Intermediates.noindex/AutoCore.build/Debug/AutoCore.build/AutoCore-own-target-headers.hmap -Xcc -I/Users/victor/Library/Developer/Xcode/DerivedData/AutoCore-evczumnnigmvheffmrzczeyhfslc/Build/Intermediates.noindex/AutoCore.build/Debug/AutoCore.build/AutoCore-all-non-framework-target-headers.hmap -Xcc -ivfsoverlay -Xcc /Users/victor/Library/Developer/Xcode/DerivedData/AutoCore-evczumnnigmvheffmrzczeyhfslc/Build/Intermediates.noindex/AutoCore.build/Debug/AutoCore-cbaff595453d5d2034c09e9cf55dbfe3-VFS/all-product-headers.yaml -Xcc -iquote -Xcc /Users/victor/Library/Developer/Xcode/DerivedData/AutoCore-evczumnnigmvheffmrzczeyhfslc/Build/Intermediates.noindex/AutoCore.build/Debug/AutoCore.build/AutoCore-project-headers.hmap -Xcc -I/Users/victor/Library/Developer/Xcode/DerivedData/AutoCore-evczumnnigmvheffmrzczeyhfslc/Build/Products/Debug/include -Xcc -I/Users/victor/Library/Developer/Xcode/DerivedData/AutoCore-evczumnnigmvheffmrzczeyhfslc/Build/Intermediates.noindex/AutoCore.build/Debug/AutoCore.build/DerivedSources-normal/arm64 -Xcc -I/Users/victor/Library/Developer/Xcode/DerivedData/AutoCore-evczumnnigmvheffmrzczeyhfslc/Build/Intermediates.noindex/AutoCore.build/Debug/AutoCore.build/DerivedSources/arm64 -Xcc -I/Users/victor/Library/Developer/Xcode/DerivedData/AutoCore-evczumnnigmvheffmrzczeyhfslc/Build/Intermediates.noindex/AutoCore.build/Debug/AutoCore.build/DerivedSources -Xcc -DDEBUG\=1 -emit-objc-header -emit-objc-header-path /Users/victor/Library/Developer/Xcode/DerivedData/AutoCore-evczumnnigmvheffmrzczeyhfslc/Build/Intermediates.noindex/AutoCore.build/Debug/AutoCore.build/Objects-normal/arm64/AutoCore-Swift.h -working-directory /Users/victor/Desktop/AutoCore -experimental-emit-module-separately -disable-cmo

ExtractAppIntentsMetadata (in target 'XMLCoder' from project 'XMLCoder')
    cd /Users/victor/Library/Developer/Xcode/DerivedData/AutoCore-evczumnnigmvheffmrzczeyhfslc/SourcePackages/checkouts/XMLCoder
    /Applications/Xcode.app/Contents/Developer/Toolchains/XcodeDefault.xctoolchain/usr/bin/appintentsmetadataprocessor --toolchain-dir /Applications/Xcode.app/Contents/Developer/Toolchains/XcodeDefault.xctoolchain --module-name XMLCoder --sdk-root /Applications/Xcode.app/Contents/Developer/Platforms/MacOSX.platform/Developer/SDKs/MacOSX26.2.sdk --xcode-version 17C52 --platform-family macOS --deployment-target 10.13 --bundle-identifier xmlcoder.XMLCoder --output /Users/victor/Library/Developer/Xcode/DerivedData/AutoCore-evczumnnigmvheffmrzczeyhfslc/Build/Products/Debug/XMLCoder.appintents --target-triple arm64-apple-macos10.13 --binary-file /Users/victor/Library/Developer/Xcode/DerivedData/AutoCore-evczumnnigmvheffmrzczeyhfslc/Build/Products/Debug/XMLCoder.o --dependency-file /Users/victor/Library/Developer/Xcode/DerivedData/AutoCore-evczumnnigmvheffmrzczeyhfslc/Build/Intermediates.noindex/XMLCoder.build/Debug/XMLCoder.build/Objects-normal/arm64/XMLCoder_dependency_info.dat --stringsdata-file /Users/victor/Library/Developer/Xcode/DerivedData/AutoCore-evczumnnigmvheffmrzczeyhfslc/Build/Intermediates.noindex/XMLCoder.build/Debug/XMLCoder.build/Objects-normal/arm64/ExtractedAppShortcutsMetadata.stringsdata --source-file-list /Users/victor/Library/Developer/Xcode/DerivedData/AutoCore-evczumnnigmvheffmrzczeyhfslc/Build/Intermediates.noindex/XMLCoder.build/Debug/XMLCoder.build/Objects-normal/arm64/XMLCoder.SwiftFileList --metadata-file-list /Users/victor/Library/Developer/Xcode/DerivedData/AutoCore-evczumnnigmvheffmrzczeyhfslc/Build/Intermediates.noindex/XMLCoder.build/Debug/XMLCoder.build/XMLCoder.DependencyMetadataFileList --static-metadata-file-list /Users/victor/Library/Developer/Xcode/DerivedData/AutoCore-evczumnnigmvheffmrzczeyhfslc/Build/Intermediates.noindex/XMLCoder.build/Debug/XMLCoder.build/XMLCoder.DependencyStaticMetadataFileList --swift-const-vals-list /Users/victor/Library/Developer/Xcode/DerivedData/AutoCore-evczumnnigmvheffmrzczeyhfslc/Build/Intermediates.noindex/XMLCoder.build/Debug/XMLCoder.build/Objects-normal/arm64/XMLCoder.SwiftConstValuesFileList --force --compile-time-extraction --deployment-aware-processing --validate-assistant-intents --no-app-shortcuts-localization
2026-01-15 17:40:34.360 appintentsmetadataprocessor[44726:208966] Starting appintentsmetadataprocessor export
2026-01-15 17:40:34.462 appintentsmetadataprocessor[44726:208966] Extracted no relevant App Intents symbols, skipping writing output

RegisterExecutionPolicyException /Users/victor/Library/Developer/Xcode/DerivedData/AutoCore-evczumnnigmvheffmrzczeyhfslc/Build/Products/Debug/XMLCoder.o (in target 'XMLCoder' from project 'XMLCoder')
    cd /Users/victor/Library/Developer/Xcode/DerivedData/AutoCore-evczumnnigmvheffmrzczeyhfslc/SourcePackages/checkouts/XMLCoder
    builtin-RegisterExecutionPolicyException /Users/victor/Library/Developer/Xcode/DerivedData/AutoCore-evczumnnigmvheffmrzczeyhfslc/Build/Products/Debug/XMLCoder.o

ExtractAppIntentsMetadata (in target 'ZIPFoundation' from project 'ZIPFoundation')
    cd /Users/victor/Library/Developer/Xcode/DerivedData/AutoCore-evczumnnigmvheffmrzczeyhfslc/SourcePackages/checkouts/ZIPFoundation
    /Applications/Xcode.app/Contents/Developer/Toolchains/XcodeDefault.xctoolchain/usr/bin/appintentsmetadataprocessor --toolchain-dir /Applications/Xcode.app/Contents/Developer/Toolchains/XcodeDefault.xctoolchain --module-name ZIPFoundation --sdk-root /Applications/Xcode.app/Contents/Developer/Platforms/MacOSX.platform/Developer/SDKs/MacOSX26.2.sdk --xcode-version 17C52 --platform-family macOS --deployment-target 10.13 --bundle-identifier zipfoundation.ZIPFoundation --output /Users/victor/Library/Developer/Xcode/DerivedData/AutoCore-evczumnnigmvheffmrzczeyhfslc/Build/Products/Debug/ZIPFoundation.appintents --target-triple arm64-apple-macos10.13 --binary-file /Users/victor/Library/Developer/Xcode/DerivedData/AutoCore-evczumnnigmvheffmrzczeyhfslc/Build/Products/Debug/ZIPFoundation.o --dependency-file /Users/victor/Library/Developer/Xcode/DerivedData/AutoCore-evczumnnigmvheffmrzczeyhfslc/Build/Intermediates.noindex/ZIPFoundation.build/Debug/ZIPFoundation.build/Objects-normal/arm64/ZIPFoundation_dependency_info.dat --stringsdata-file /Users/victor/Library/Developer/Xcode/DerivedData/AutoCore-evczumnnigmvheffmrzczeyhfslc/Build/Intermediates.noindex/ZIPFoundation.build/Debug/ZIPFoundation.build/Objects-normal/arm64/ExtractedAppShortcutsMetadata.stringsdata --source-file-list /Users/victor/Library/Developer/Xcode/DerivedData/AutoCore-evczumnnigmvheffmrzczeyhfslc/Build/Intermediates.noindex/ZIPFoundation.build/Debug/ZIPFoundation.build/Objects-normal/arm64/ZIPFoundation.SwiftFileList --metadata-file-list /Users/victor/Library/Developer/Xcode/DerivedData/AutoCore-evczumnnigmvheffmrzczeyhfslc/Build/Intermediates.noindex/ZIPFoundation.build/Debug/ZIPFoundation.build/ZIPFoundation.DependencyMetadataFileList --static-metadata-file-list /Users/victor/Library/Developer/Xcode/DerivedData/AutoCore-evczumnnigmvheffmrzczeyhfslc/Build/Intermediates.noindex/ZIPFoundation.build/Debug/ZIPFoundation.build/ZIPFoundation.DependencyStaticMetadataFileList --swift-const-vals-list /Users/victor/Library/Developer/Xcode/DerivedData/AutoCore-evczumnnigmvheffmrzczeyhfslc/Build/Intermediates.noindex/ZIPFoundation.build/Debug/ZIPFoundation.build/Objects-normal/arm64/ZIPFoundation.SwiftConstValuesFileList --force --compile-time-extraction --deployment-aware-processing --validate-assistant-intents --no-app-shortcuts-localization
2026-01-15 17:40:34.497 appintentsmetadataprocessor[44727:208977] Starting appintentsmetadataprocessor export
2026-01-15 17:40:34.660 appintentsmetadataprocessor[44727:208977] Extracted no relevant App Intents symbols, skipping writing output

RegisterExecutionPolicyException /Users/victor/Library/Developer/Xcode/DerivedData/AutoCore-evczumnnigmvheffmrzczeyhfslc/Build/Products/Debug/ZIPFoundation.o (in target 'ZIPFoundation' from project 'ZIPFoundation')
    cd /Users/victor/Library/Developer/Xcode/DerivedData/AutoCore-evczumnnigmvheffmrzczeyhfslc/SourcePackages/checkouts/ZIPFoundation
    builtin-RegisterExecutionPolicyException /Users/victor/Library/Developer/Xcode/DerivedData/AutoCore-evczumnnigmvheffmrzczeyhfslc/Build/Products/Debug/ZIPFoundation.o

Ld /Users/victor/Library/Developer/Xcode/DerivedData/AutoCore-evczumnnigmvheffmrzczeyhfslc/Build/Products/Debug/CoreXLSX.o normal (in target 'CoreXLSX' from project 'CoreXLSX')
    cd /Users/victor/Library/Developer/Xcode/DerivedData/AutoCore-evczumnnigmvheffmrzczeyhfslc/SourcePackages/checkouts/CoreXLSX
    /Applications/Xcode.app/Contents/Developer/Toolchains/XcodeDefault.xctoolchain/usr/bin/clang -Xlinker -reproducible -target arm64-apple-macos10.13 -r -isysroot /Applications/Xcode.app/Contents/Developer/Platforms/MacOSX.platform/Developer/SDKs/MacOSX26.2.sdk -O0 -w -L/Users/victor/Library/Developer/Xcode/DerivedData/AutoCore-evczumnnigmvheffmrzczeyhfslc/Build/Intermediates.noindex/EagerLinkingTBDs/Debug -L/Users/victor/Library/Developer/Xcode/DerivedData/AutoCore-evczumnnigmvheffmrzczeyhfslc/Build/Products/Debug -L/Applications/Xcode.app/Contents/Developer/Platforms/MacOSX.platform/Developer/usr/lib -F/Users/victor/Library/Developer/Xcode/DerivedData/AutoCore-evczumnnigmvheffmrzczeyhfslc/Build/Intermediates.noindex/EagerLinkingTBDs/Debug -F/Users/victor/Library/Developer/Xcode/DerivedData/AutoCore-evczumnnigmvheffmrzczeyhfslc/Build/Products/Debug/PackageFrameworks -F/Users/victor/Library/Developer/Xcode/DerivedData/AutoCore-evczumnnigmvheffmrzczeyhfslc/Build/Products/Debug/PackageFrameworks -F/Users/victor/Library/Developer/Xcode/DerivedData/AutoCore-evczumnnigmvheffmrzczeyhfslc/Build/Products/Debug -iframework /Applications/Xcode.app/Contents/Developer/Platforms/MacOSX.platform/Developer/Library/Frameworks -filelist /Users/victor/Library/Developer/Xcode/DerivedData/AutoCore-evczumnnigmvheffmrzczeyhfslc/Build/Intermediates.noindex/CoreXLSX.build/Debug/CoreXLSX.build/Objects-normal/arm64/CoreXLSX.LinkFileList -nostdlib -Xlinker -object_path_lto -Xlinker /Users/victor/Library/Developer/Xcode/DerivedData/AutoCore-evczumnnigmvheffmrzczeyhfslc/Build/Intermediates.noindex/CoreXLSX.build/Debug/CoreXLSX.build/Objects-normal/arm64/CoreXLSX_lto.o -rdynamic -Xlinker -no_deduplicate -Xlinker -dependency_info -Xlinker /Users/victor/Library/Developer/Xcode/DerivedData/AutoCore-evczumnnigmvheffmrzczeyhfslc/Build/Intermediates.noindex/CoreXLSX.build/Debug/CoreXLSX.build/Objects-normal/arm64/CoreXLSX_dependency_info.dat -fobjc-link-runtime -L/Applications/Xcode.app/Contents/Developer/Toolchains/XcodeDefault.xctoolchain/usr/lib/swift/macosx -L/usr/lib/swift -Xlinker -add_ast_path -Xlinker /Users/victor/Library/Developer/Xcode/DerivedData/AutoCore-evczumnnigmvheffmrzczeyhfslc/Build/Intermediates.noindex/CoreXLSX.build/Debug/CoreXLSX.build/Objects-normal/arm64/CoreXLSX.swiftmodule @/Users/victor/Library/Developer/Xcode/DerivedData/AutoCore-evczumnnigmvheffmrzczeyhfslc/Build/Intermediates.noindex/CoreXLSX.build/Debug/CoreXLSX.build/Objects-normal/arm64/CoreXLSX-linker-args.resp -o /Users/victor/Library/Developer/Xcode/DerivedData/AutoCore-evczumnnigmvheffmrzczeyhfslc/Build/Products/Debug/CoreXLSX.o

ExtractAppIntentsMetadata (in target 'CoreXLSX' from project 'CoreXLSX')
    cd /Users/victor/Library/Developer/Xcode/DerivedData/AutoCore-evczumnnigmvheffmrzczeyhfslc/SourcePackages/checkouts/CoreXLSX
    /Applications/Xcode.app/Contents/Developer/Toolchains/XcodeDefault.xctoolchain/usr/bin/appintentsmetadataprocessor --toolchain-dir /Applications/Xcode.app/Contents/Developer/Toolchains/XcodeDefault.xctoolchain --module-name CoreXLSX --sdk-root /Applications/Xcode.app/Contents/Developer/Platforms/MacOSX.platform/Developer/SDKs/MacOSX26.2.sdk --xcode-version 17C52 --platform-family macOS --deployment-target 10.13 --bundle-identifier corexlsx.CoreXLSX --output /Users/victor/Library/Developer/Xcode/DerivedData/AutoCore-evczumnnigmvheffmrzczeyhfslc/Build/Products/Debug/CoreXLSX.appintents --target-triple arm64-apple-macos10.13 --binary-file /Users/victor/Library/Developer/Xcode/DerivedData/AutoCore-evczumnnigmvheffmrzczeyhfslc/Build/Products/Debug/CoreXLSX.o --dependency-file /Users/victor/Library/Developer/Xcode/DerivedData/AutoCore-evczumnnigmvheffmrzczeyhfslc/Build/Intermediates.noindex/CoreXLSX.build/Debug/CoreXLSX.build/Objects-normal/arm64/CoreXLSX_dependency_info.dat --stringsdata-file /Users/victor/Library/Developer/Xcode/DerivedData/AutoCore-evczumnnigmvheffmrzczeyhfslc/Build/Intermediates.noindex/CoreXLSX.build/Debug/CoreXLSX.build/Objects-normal/arm64/ExtractedAppShortcutsMetadata.stringsdata --source-file-list /Users/victor/Library/Developer/Xcode/DerivedData/AutoCore-evczumnnigmvheffmrzczeyhfslc/Build/Intermediates.noindex/CoreXLSX.build/Debug/CoreXLSX.build/Objects-normal/arm64/CoreXLSX.SwiftFileList --metadata-file-list /Users/victor/Library/Developer/Xcode/DerivedData/AutoCore-evczumnnigmvheffmrzczeyhfslc/Build/Intermediates.noindex/CoreXLSX.build/Debug/CoreXLSX.build/CoreXLSX.DependencyMetadataFileList --static-metadata-file-list /Users/victor/Library/Developer/Xcode/DerivedData/AutoCore-evczumnnigmvheffmrzczeyhfslc/Build/Intermediates.noindex/CoreXLSX.build/Debug/CoreXLSX.build/CoreXLSX.DependencyStaticMetadataFileList --swift-const-vals-list /Users/victor/Library/Developer/Xcode/DerivedData/AutoCore-evczumnnigmvheffmrzczeyhfslc/Build/Intermediates.noindex/CoreXLSX.build/Debug/CoreXLSX.build/Objects-normal/arm64/CoreXLSX.SwiftConstValuesFileList --force --compile-time-extraction --deployment-aware-processing --validate-assistant-intents --no-app-shortcuts-localization
2026-01-15 17:40:34.731 appintentsmetadataprocessor[44730:208998] Starting appintentsmetadataprocessor export
2026-01-15 17:40:34.858 appintentsmetadataprocessor[44730:208998] Extracted no relevant App Intents symbols, skipping writing output

SwiftCompile normal arm64 Compiling\ MotorListView.swift /Users/victor/Desktop/AutoCore/AutoCore/Views/MotorListView.swift (in target 'AutoCore' from project 'AutoCore')
SwiftCompile normal arm64 /Users/victor/Desktop/AutoCore/AutoCore/Views/MotorListView.swift (in target 'AutoCore' from project 'AutoCore')
    cd /Users/victor/Desktop/AutoCore
    

SwiftCompile normal arm64 Compiling\ DatabaseService.swift /Users/victor/Desktop/AutoCore/AutoCore/Services/DatabaseService.swift (in target 'AutoCore' from project 'AutoCore')
SwiftCompile normal arm64 /Users/victor/Desktop/AutoCore/AutoCore/Services/DatabaseService.swift (in target 'AutoCore' from project 'AutoCore')
    cd /Users/victor/Desktop/AutoCore
    

SwiftCompile normal arm64 Compiling\ RootView.swift /Users/victor/Desktop/AutoCore/AutoCore/Views/RootView.swift (in target 'AutoCore' from project 'AutoCore')

SwiftCompile normal arm64 /Users/victor/Desktop/AutoCore/AutoCore/Views/RootView.swift (in target 'AutoCore' from project 'AutoCore')
    cd /Users/victor/Desktop/AutoCore
    

SwiftEmitModule normal arm64 Emitting\ module\ for\ AutoCore (in target 'AutoCore' from project 'AutoCore')

EmitSwiftModule normal arm64 (in target 'AutoCore' from project 'AutoCore')
    cd /Users/victor/Desktop/AutoCore
    

SwiftCompile normal arm64 Compiling\ AppViewModel.swift /Users/victor/Desktop/AutoCore/AutoCore/ViewModels/AppViewModel.swift (in target 'AutoCore' from project 'AutoCore')
Failed frontend command:
/Applications/Xcode.app/Contents/Developer/Toolchains/XcodeDefault.xctoolchain/usr/bin/swift-frontend -frontend -c /Users/victor/Desktop/AutoCore/AutoCore/Models/Brand.swift /Users/victor/Desktop/AutoCore/AutoCore/Models/Engine.swift /Users/victor/Desktop/AutoCore/AutoCore/Models/ImportModels.swift /Users/victor/Desktop/AutoCore/AutoCore/Models/Motor.swift /Users/victor/Desktop/AutoCore/AutoCore/Models/MotorAvailability.swift /Users/victor/Desktop/AutoCore/AutoCore/Services/CSVExportService.swift /Users/victor/Desktop/AutoCore/AutoCore/Services/DatabaseService.swift /Users/victor/Desktop/AutoCore/AutoCore/Services/ExcelExportService.swift /Users/victor/Desktop/AutoCore/AutoCore/Services/ExcelImportService.swift /Users/victor/Desktop/AutoCore/AutoCore/Services/ImportNormalization.swift /Users/victor/Desktop/AutoCore/AutoCore/ViewModels/AppState.swift -primary-file /Users/victor/Desktop/AutoCore/AutoCore/ViewModels/AppViewModel.swift /Users/victor/Desktop/AutoCore/AutoCore/ViewModels/ImportViewModel.swift /Users/victor/Desktop/AutoCore/AutoCore/Views/AddMotorView.swift /Users/victor/Desktop/AutoCore/AutoCore/Views/ImportPreviewView.swift /Users/victor/Desktop/AutoCore/AutoCore/Views/MotorDetailView.swift /Users/victor/Desktop/AutoCore/AutoCore/Views/MotorListView.swift /Users/victor/Desktop/AutoCore/AutoCore/Views/RootView.swift /Users/victor/Desktop/AutoCore/AutoCore/Views/SidebarView.swift /Users/victor/Desktop/AutoCore/AutoCore/AutoCoreApp.swift /Users/victor/Desktop/AutoCore/AutoCore/ContentView.swift /Users/victor/Library/Developer/Xcode/DerivedData/AutoCore-evczumnnigmvheffmrzczeyhfslc/Build/Intermediates.noindex/AutoCore.build/Debug/AutoCore.build/DerivedSources/CoreDataGenerated/AutoCore/Item+CoreDataClass.swift /Users/victor/Library/Developer/Xcode/DerivedData/AutoCore-evczumnnigmvheffmrzczeyhfslc/Build/Intermediates.noindex/AutoCore.build/Debug/AutoCore.build/DerivedSources/CoreDataGenerated/AutoCore/Item+CoreDataProperties.swift /Users/victor/Library/Developer/Xcode/DerivedData/AutoCore-evczumnnigmvheffmrzczeyhfslc/Build/Intermediates.noindex/AutoCore.build/Debug/AutoCore.build/DerivedSources/CoreDataGenerated/AutoCore/AutoCore+CoreDataModel.swift /Users/victor/Library/Developer/Xcode/DerivedData/AutoCore-evczumnnigmvheffmrzczeyhfslc/Build/Intermediates.noindex/AutoCore.build/Debug/AutoCore.build/DerivedSources/GeneratedAssetSymbols.swift -emit-dependencies-path /Users/victor/Library/Developer/Xcode/DerivedData/AutoCore-evczumnnigmvheffmrzczeyhfslc/Build/Intermediates.noindex/AutoCore.build/Debug/AutoCore.build/Objects-normal/arm64/AppViewModel.d -emit-const-values-path /Users/victor/Library/Developer/Xcode/DerivedData/AutoCore-evczumnnigmvheffmrzczeyhfslc/Build/Intermediates.noindex/AutoCore.build/Debug/AutoCore.build/Objects-normal/arm64/AppViewModel.swiftconstvalues -emit-reference-dependencies-path /Users/victor/Library/Developer/Xcode/DerivedData/AutoCore-evczumnnigmvheffmrzczeyhfslc/Build/Intermediates.noindex/AutoCore.build/Debug/AutoCore.build/Objects-normal/arm64/AppViewModel.swiftdeps -serialize-diagnostics-path /Users/victor/Library/Developer/Xcode/DerivedData/AutoCore-evczumnnigmvheffmrzczeyhfslc/Build/Intermediates.noindex/AutoCore.build/Debug/AutoCore.build/Objects-normal/arm64/AppViewModel.dia -emit-localized-strings -emit-localized-strings-path /Users/victor/Library/Developer/Xcode/DerivedData/AutoCore-evczumnnigmvheffmrzczeyhfslc/Build/Intermediates.noindex/AutoCore.build/Debug/AutoCore.build/Objects-normal/arm64 -target arm64-apple-macos26.2 -module-can-import-version AppKit 2685.30.107 2685.30.107 -module-can-import-version DeveloperToolsSupport 23.0.4 23.0.4 -module-can-import-version SwiftUI 7.2.5.1 7.2.5 -load-resolved-plugin /Applications/Xcode.app/Contents/Developer/Platforms/MacOSX.platform/Developer/usr/lib/swift/host/plugins/libFoundationMacros.dylib\#/Applications/Xcode.app/Contents/Developer/Platforms/MacOSX.platform/Developer/usr/bin/swift-plugin-server\#FoundationMacros -load-resolved-plugin /Applications/Xcode.app/Contents/Developer/Platforms/MacOSX.platform/Developer/usr/lib/swift/host/plugins/libObservationMacros.dylib\#/Applications/Xcode.app/Contents/Developer/Platforms/MacOSX.platform/Developer/usr/bin/swift-plugin-server\#ObservationMacros -load-resolved-plugin /Applications/Xcode.app/Contents/Developer/Platforms/MacOSX.platform/Developer/usr/lib/swift/host/plugins/libPreviewsMacros.dylib\#/Applications/Xcode.app/Contents/Developer/Platforms/MacOSX.platform/Developer/usr/bin/swift-plugin-server\#PreviewsMacros -load-resolved-plugin /Applications/Xcode.app/Contents/Developer/Platforms/MacOSX.platform/Developer/usr/lib/swift/host/plugins/libSwiftMacros.dylib\#/Applications/Xcode.app/Contents/Developer/Platforms/MacOSX.platform/Developer/usr/bin/swift-plugin-server\#SwiftMacros -load-resolved-plugin /Applications/Xcode.app/Contents/Developer/Platforms/MacOSX.platform/Developer/usr/lib/swift/host/plugins/libSwiftUIMacros.dylib\#/Applications/Xcode.app/Contents/Developer/Platforms/MacOSX.platform/Developer/usr/bin/swift-plugin-server\#SwiftUIMacros -disable-implicit-swift-modules -Xcc -fno-implicit-modules -Xcc -fno-implicit-module-maps -explicit-swift-module-map-file /Users/victor/Library/Developer/Xcode/DerivedData/AutoCore-evczumnnigmvheffmrzczeyhfslc/Build/Intermediates.noindex/AutoCore.build/Debug/AutoCore.build/Objects-normal/arm64/AutoCore-dependencies-1.json -Xllvm -aarch64-use-tbi -enable-objc-interop -stack-check -sdk /Applications/Xcode.app/Contents/Developer/Platforms/MacOSX.platform/Developer/SDKs/MacOSX26.2.sdk -I /Users/victor/Library/Developer/Xcode/DerivedData/AutoCore-evczumnnigmvheffmrzczeyhfslc/Build/Products/Debug -F /Users/victor/Library/Developer/Xcode/DerivedData/AutoCore-evczumnnigmvheffmrzczeyhfslc/Build/Products/Debug/PackageFrameworks -F /Users/victor/Library/Developer/Xcode/DerivedData/AutoCore-evczumnnigmvheffmrzczeyhfslc/Build/Products/Debug/PackageFrameworks -F /Users/victor/Library/Developer/Xcode/DerivedData/AutoCore-evczumnnigmvheffmrzczeyhfslc/Build/Products/Debug/PackageFrameworks -F /Users/victor/Library/Developer/Xcode/DerivedData/AutoCore-evczumnnigmvheffmrzczeyhfslc/Build/Products/Debug -no-color-diagnostics -Xcc -fno-color-diagnostics -enable-testing -g -debug-info-format\=dwarf -dwarf-version\=5 -module-cache-path /Users/victor/Library/Developer/Xcode/DerivedData/AutoCore-evczumnnigmvheffmrzczeyhfslc/Build/Intermediates.noindex/SwiftExplicitPrecompiledModules -swift-version 5 -enforce-exclusivity\=checked -Onone -D DEBUG -serialize-debugging-options -const-gather-protocols-file /Users/victor/Library/Developer/Xcode/DerivedData/AutoCore-evczumnnigmvheffmrzczeyhfslc/Build/Intermediates.noindex/AutoCore.build/Debug/AutoCore.build/Objects-normal/arm64/AutoCore_const_extract_protocols.json -enable-upcoming-feature DisableOutwardActorInference -enable-upcoming-feature InferSendableFromCaptures -enable-upcoming-feature GlobalActorIsolatedTypesUsability -enable-upcoming-feature MemberImportVisibility -enable-upcoming-feature InferIsolatedConformances -enable-upcoming-feature NonisolatedNonsendingByDefault -enable-experimental-feature DebugDescriptionMacro -enable-bare-slash-regex -default-isolation\=MainActor -empty-abi-descriptor -validate-clang-modules-once -clang-build-session-file /Users/victor/Library/Developer/Xcode/DerivedData/ModuleCache.noindex/Session.modulevalidation -Xcc -working-directory -Xcc /Users/victor/Desktop/AutoCore -enable-anonymous-context-mangled-names -file-compilation-dir /Users/victor/Desktop/AutoCore -Xcc -D_LIBCPP_HARDENING_MODE\=_LIBCPP_HARDENING_MODE_DEBUG -Xcc -ivfsstatcache -Xcc /Users/victor/Library/Developer/Xcode/DerivedData/SDKStatCaches.noindex/macosx26.2-25C57-00fa09913b459cbbc988d1f6730289ae.sdkstatcache -Xcc -I/Users/victor/Library/Developer/Xcode/DerivedData/AutoCore-evczumnnigmvheffmrzczeyhfslc/Build/Intermediates.noindex/AutoCore.build/Debug/AutoCore.build/swift-overrides.hmap -Xcc -iquote -Xcc /Users/victor/Library/Developer/Xcode/DerivedData/AutoCore-evczumnnigmvheffmrzczeyhfslc/Build/Intermediates.noindex/AutoCore.build/Debug/AutoCore.build/AutoCore-generated-files.hmap -Xcc -I/Users/victor/Library/Developer/Xcode/DerivedData/AutoCore-evczumnnigmvheffmrzczeyhfslc/Build/Intermediates.noindex/AutoCore.build/Debug/AutoCore.build/AutoCore-own-target-headers.hmap -Xcc -I/Users/victor/Library/Developer/Xcode/DerivedData/AutoCore-evczumnnigmvheffmrzczeyhfslc/Build/Intermediates.noindex/AutoCore.build/Debug/AutoCore.build/AutoCore-all-non-framework-target-headers.hmap -Xcc -ivfsoverlay -Xcc /Users/victor/Library/Developer/Xcode/DerivedData/AutoCore-evczumnnigmvheffmrzczeyhfslc/Build/Intermediates.noindex/AutoCore.build/Debug/AutoCore-cbaff595453d5d2034c09e9cf55dbfe3-VFS/all-product-headers.yaml -Xcc -iquote -Xcc /Users/victor/Library/Developer/Xcode/DerivedData/AutoCore-evczumnnigmvheffmrzczeyhfslc/Build/Intermediates.noindex/AutoCore.build/Debug/AutoCore.build/AutoCore-project-headers.hmap -Xcc -I/Users/victor/Library/Developer/Xcode/DerivedData/AutoCore-evczumnnigmvheffmrzczeyhfslc/Build/Products/Debug/include -Xcc -I/Users/victor/Library/Developer/Xcode/DerivedData/AutoCore-evczumnnigmvheffmrzczeyhfslc/Build/Intermediates.noindex/AutoCore.build/Debug/AutoCore.build/DerivedSources-normal/arm64 -Xcc -I/Users/victor/Library/Developer/Xcode/DerivedData/AutoCore-evczumnnigmvheffmrzczeyhfslc/Build/Intermediates.noindex/AutoCore.build/Debug/AutoCore.build/DerivedSources/arm64 -Xcc -I/Users/victor/Library/Developer/Xcode/DerivedData/AutoCore-evczumnnigmvheffmrzczeyhfslc/Build/Intermediates.noindex/AutoCore.build/Debug/AutoCore.build/DerivedSources -Xcc -DDEBUG\=1 -no-auto-bridging-header-chaining -module-name AutoCore -frontend-parseable-output -disable-clang-spi -target-sdk-version 26.2 -target-sdk-name macosx26.2 -clang-target arm64-apple-macos26.2 -in-process-plugin-server-path /Applications/Xcode.app/Contents/Developer/Toolchains/XcodeDefault.xctoolchain/usr/lib/swift/host/libSwiftInProcPluginServer.dylib -o /Users/victor/Library/Developer/Xcode/DerivedData/AutoCore-evczumnnigmvheffmrzczeyhfslc/Build/Intermediates.noindex/AutoCore.build/Debug/AutoCore.build/Objects-normal/arm64/AppViewModel.o -index-unit-output-path /AutoCore.build/Debug/AutoCore.build/Objects-normal/arm64/AppViewModel.o -index-store-path /Users/victor/Library/Developer/Xcode/DerivedData/AutoCore-evczumnnigmvheffmrzczeyhfslc/Index.noindex/DataStore -index-system-modules

SwiftCompile normal arm64 /Users/victor/Desktop/AutoCore/AutoCore/ViewModels/AppViewModel.swift (in target 'AutoCore' from project 'AutoCore')
    cd /Users/victor/Desktop/AutoCore
    
/Users/victor/Desktop/AutoCore/AutoCore/ViewModels/AppViewModel.swift:45:48: warning: main actor-isolated instance method 'fetchBrands()' cannot be called from outside of the actor; this is an error in the Swift 6 language mode
                let brands = try self.database.fetchBrands()
                             ~~~~~~~~~~~~~~~~~~^~~~~~~~~~~~~
                                 await 
/Users/victor/Desktop/AutoCore/AutoCore/ViewModels/AppViewModel.swift:46:49: warning: main actor-isolated instance method 'fetchEngines(brandID:)' cannot be called from outside of the actor; this is an error in the Swift 6 language mode
                let engines = try self.database.fetchEngines(brandID: nil)
                              ~~~~~~~~~~~~~~~~~~^~~~~~~~~~~~~~~~~~~~~~~~~~
                                  await 
/Users/victor/Desktop/AutoCore/AutoCore/ViewModels/AppViewModel.swift:47:52: warning: main actor-isolated instance method 'countMotors(filter:)' cannot be called from outside of the actor; this is an error in the Swift 6 language mode
                let totalCount = try self.database.countMotors(filter: filter)
                                 ~~~~~~~~~~~~~~~~~~^~~~~~~~~~~~~~~~~~~~~~~~~~~
                                     await 
/Users/victor/Desktop/AutoCore/AutoCore/ViewModels/AppViewModel.swift:48:48: warning: main actor-isolated instance method 'fetchMotors(filter:limit:offset:)' cannot be called from outside of the actor; this is an error in the Swift 6 language mode
                let motors = try self.database.fetchMotors(filter: filter, limit: self.pageSize, offset: 0)
                             ~~~~~~~~~~~~~~~~~~^~~~~~~~~~~~~~~~~~~~~~~~~~~~~~~~~~~~~~~~~~~~~~~~~~~~~~~~~~~~
                                 await 
/Users/victor/Desktop/AutoCore/AutoCore/ViewModels/AppViewModel.swift:61:49: warning: main actor-isolated instance method 'fetchEngines(brandID:)' cannot be called from outside of the actor; this is an error in the Swift 6 language mode
                let engines = try self.database.fetchEngines(brandID: nil)
                              ~~~~~~~~~~~~~~~~~~^~~~~~~~~~~~~~~~~~~~~~~~~~
                                  await 
/Users/victor/Desktop/AutoCore/AutoCore/ViewModels/AppViewModel.swift:76:52: warning: main actor-isolated instance method 'countMotors(filter:)' cannot be called from outside of the actor; this is an error in the Swift 6 language mode
                let totalCount = try self.database.countMotors(filter: filter)
                                 ~~~~~~~~~~~~~~~~~~^~~~~~~~~~~~~~~~~~~~~~~~~~~
                                     await 
/Users/victor/Desktop/AutoCore/AutoCore/ViewModels/AppViewModel.swift:77:48: warning: main actor-isolated instance method 'fetchMotors(filter:limit:offset:)' cannot be called from outside of the actor; this is an error in the Swift 6 language mode
                let motors = try self.database.fetchMotors(filter: filter, limit: self.pageSize, offset: 0)
                             ~~~~~~~~~~~~~~~~~~^~~~~~~~~~~~~~~~~~~~~~~~~~~~~~~~~~~~~~~~~~~~~~~~~~~~~~~~~~~~
                                 await 
/Users/victor/Desktop/AutoCore/AutoCore/ViewModels/AppViewModel.swift:94:35: error: main actor-isolated property 'currentPage' cannot be accessed from outside of the actor
                let offset = self.currentPage * self.pageSize
                             ~~~~~^~~~~~~~~~~~~~~~~~~~~~~~~~~
                             await 
/Users/victor/Desktop/AutoCore/AutoCore/ViewModels/AppViewModel.swift:95:51: warning: main actor-isolated instance method 'fetchMotors(filter:limit:offset:)' cannot be called from outside of the actor; this is an error in the Swift 6 language mode
                let newMotors = try self.database.fetchMotors(filter: filter, limit: self.pageSize, offset: offset)
                                ~~~~~~~~~~~~~~~~~~^~~~~~~~~~~~~~~~~~~~~~~~~~~~~~~~~~~~~~~~~~~~~~~~~~~~~~~~~~~~~~~~~
                                    await 
/Users/victor/Desktop/AutoCore/AutoCore/ViewModels/AppViewModel.swift:118:49: warning: main actor-isolated instance method 'upsertBrand(name:)' cannot be called from outside of the actor; this is an error in the Swift 6 language mode
                let brandID = try self.database.upsertBrand(name: brandName)
                              ~~~~~~~~~~~~~~~~~~^~~~~~~~~~~~~~~~~~~~~~~~~~~~
                                  await 
/Users/victor/Desktop/AutoCore/AutoCore/ViewModels/AppViewModel.swift:119:32: warning: expression is 'async' but is not marked with 'await'; this is an error in the Swift 6 language mode
                let engineID = try self.database.upsertEngine(
                               ^~~~~~~~~~~~~~~~~~~~~~~~~~~~~~~
                                   await 
/Users/victor/Desktop/AutoCore/AutoCore/ViewModels/AppViewModel.swift:119:36: note: calls to instance method 'upsertEngine(brandID:code:)' from outside of its actor context are implicitly asynchronous
                let engineID = try self.database.upsertEngine(
                                   ^
/Users/victor/Desktop/AutoCore/AutoCore/ViewModels/AppViewModel.swift:121:27: note: calls to static method 'normalizeEngineCode' from outside of its actor context are implicitly asynchronous
                    code: ImportNormalization.normalizeEngineCode(engineCode)
                          ^
/Users/victor/Desktop/AutoCore/AutoCore/ViewModels/AppViewModel.swift:123:39: warning: main actor-isolated instance method 'insertOrUpdateMotor(engineID:serialCode:configuration:notes:quantity:transmission:arrivalDate:soldDate:)' cannot be called from outside of the actor; this is an error in the Swift 6 language mode
                _ = try self.database.insertOrUpdateMotor(
                    ~~~~~~~~~~~~~~~~~~^~~~~~~~~~~~~~~~~~~~
                        await 
/Users/victor/Desktop/AutoCore/AutoCore/ViewModels/AppViewModel.swift:152:35: warning: main actor-isolated instance method 'updateMotor(id:configuration:notes:quantity:transmission:arrivalDate:soldDate:)' cannot be called from outside of the actor; this is an error in the Swift 6 language mode
                try self.database.updateMotor(
                ~~~~~~~~~~~~~~~~~~^~~~~~~~~~~~
                    await 
/Users/victor/Desktop/AutoCore/AutoCore/ViewModels/AppViewModel.swift:215:35: warning: main actor-isolated instance method 'updateSoldDate(id:soldDate:)' cannot be called from outside of the actor; this is an error in the Swift 6 language mode
                try self.database.updateSoldDate(
                ~~~~~~~~~~~~~~~~~~^~~~~~~~~~~~~~~
                    await 

SwiftCompile normal arm64 Compiling\ GeneratedAssetSymbols.swift /Users/victor/Library/Developer/Xcode/DerivedData/AutoCore-evczumnnigmvheffmrzczeyhfslc/Build/Intermediates.noindex/AutoCore.build/Debug/AutoCore.build/DerivedSources/GeneratedAssetSymbols.swift (in target 'AutoCore' from project 'AutoCore')

SwiftCompile normal arm64 /Users/victor/Library/Developer/Xcode/DerivedData/AutoCore-evczumnnigmvheffmrzczeyhfslc/Build/Intermediates.noindex/AutoCore.build/Debug/AutoCore.build/DerivedSources/GeneratedAssetSymbols.swift (in target 'AutoCore' from project 'AutoCore')
    cd /Users/victor/Desktop/AutoCore
    

RegisterExecutionPolicyException /Users/victor/Library/Developer/Xcode/DerivedData/AutoCore-evczumnnigmvheffmrzczeyhfslc/Build/Products/Debug/CoreXLSX.o (in target 'CoreXLSX' from project 'CoreXLSX')
    cd /Users/victor/Library/Developer/Xcode/DerivedData/AutoCore-evczumnnigmvheffmrzczeyhfslc/SourcePackages/checkouts/CoreXLSX
    builtin-RegisterExecutionPolicyException /Users/victor/Library/Developer/Xcode/DerivedData/AutoCore-evczumnnigmvheffmrzczeyhfslc/Build/Products/Debug/CoreXLSX.o

** BUILD FAILED **


The following build commands failed:
	SwiftCompile normal arm64 Compiling\ AppViewModel.swift /Users/victor/Desktop/AutoCore/AutoCore/ViewModels/AppViewModel.swift (in target 'AutoCore' from project 'AutoCore')
	SwiftCompile normal arm64 /Users/victor/Desktop/AutoCore/AutoCore/ViewModels/AppViewModel.swift (in target 'AutoCore' from project 'AutoCore')
	Building project AutoCore with scheme AutoCore and configuration Debug
(3 failures)
